###############################################################################
#
# IAR ELF Linker V8.40.2.214/W32 for ARM                  13/Jun/2023  16:57:49
# Copyright 2007-2019 IAR Systems AB.
#
#    Output file  =
#        D:\STM32\thuchanhHK2\robotcuuhoa\EWARM\robotcuuhoa\Exe\robotcuuhoa.out
#    Map file     =
#        D:\STM32\thuchanhHK2\robotcuuhoa\EWARM\robotcuuhoa\List\robotcuuhoa.map
#    Command line =
#        -f C:\Users\84921\AppData\Local\Temp\EW243D.tmp
#        (D:\STM32\thuchanhHK2\robotcuuhoa\EWARM\robotcuuhoa\Obj\clock.o
#        D:\STM32\thuchanhHK2\robotcuuhoa\EWARM\robotcuuhoa\Obj\dc_send.o
#        D:\STM32\thuchanhHK2\robotcuuhoa\EWARM\robotcuuhoa\Obj\fonts.o
#        D:\STM32\thuchanhHK2\robotcuuhoa\EWARM\robotcuuhoa\Obj\gpio.o
#        D:\STM32\thuchanhHK2\robotcuuhoa\EWARM\robotcuuhoa\Obj\i2c.o
#        D:\STM32\thuchanhHK2\robotcuuhoa\EWARM\robotcuuhoa\Obj\main.o
#        D:\STM32\thuchanhHK2\robotcuuhoa\EWARM\robotcuuhoa\Obj\ssd1306.o
#        D:\STM32\thuchanhHK2\robotcuuhoa\EWARM\robotcuuhoa\Obj\startup_stm32f103xb.o
#        D:\STM32\thuchanhHK2\robotcuuhoa\EWARM\robotcuuhoa\Obj\stm32f1xx_hal.o
#        D:\STM32\thuchanhHK2\robotcuuhoa\EWARM\robotcuuhoa\Obj\stm32f1xx_hal_cortex.o
#        D:\STM32\thuchanhHK2\robotcuuhoa\EWARM\robotcuuhoa\Obj\stm32f1xx_hal_dma.o
#        D:\STM32\thuchanhHK2\robotcuuhoa\EWARM\robotcuuhoa\Obj\stm32f1xx_hal_exti.o
#        D:\STM32\thuchanhHK2\robotcuuhoa\EWARM\robotcuuhoa\Obj\stm32f1xx_hal_flash.o
#        D:\STM32\thuchanhHK2\robotcuuhoa\EWARM\robotcuuhoa\Obj\stm32f1xx_hal_flash_ex.o
#        D:\STM32\thuchanhHK2\robotcuuhoa\EWARM\robotcuuhoa\Obj\stm32f1xx_hal_gpio.o
#        D:\STM32\thuchanhHK2\robotcuuhoa\EWARM\robotcuuhoa\Obj\stm32f1xx_hal_gpio_ex.o
#        D:\STM32\thuchanhHK2\robotcuuhoa\EWARM\robotcuuhoa\Obj\stm32f1xx_hal_i2c.o
#        D:\STM32\thuchanhHK2\robotcuuhoa\EWARM\robotcuuhoa\Obj\stm32f1xx_hal_msp.o
#        D:\STM32\thuchanhHK2\robotcuuhoa\EWARM\robotcuuhoa\Obj\stm32f1xx_hal_pwr.o
#        D:\STM32\thuchanhHK2\robotcuuhoa\EWARM\robotcuuhoa\Obj\stm32f1xx_hal_rcc.o
#        D:\STM32\thuchanhHK2\robotcuuhoa\EWARM\robotcuuhoa\Obj\stm32f1xx_hal_rcc_ex.o
#        D:\STM32\thuchanhHK2\robotcuuhoa\EWARM\robotcuuhoa\Obj\stm32f1xx_hal_tim.o
#        D:\STM32\thuchanhHK2\robotcuuhoa\EWARM\robotcuuhoa\Obj\stm32f1xx_hal_tim_ex.o
#        D:\STM32\thuchanhHK2\robotcuuhoa\EWARM\robotcuuhoa\Obj\stm32f1xx_hal_uart.o
#        D:\STM32\thuchanhHK2\robotcuuhoa\EWARM\robotcuuhoa\Obj\stm32f1xx_it.o
#        D:\STM32\thuchanhHK2\robotcuuhoa\EWARM\robotcuuhoa\Obj\system_stm32f1xx.o
#        D:\STM32\thuchanhHK2\robotcuuhoa\EWARM\robotcuuhoa\Obj\tim.o
#        D:\STM32\thuchanhHK2\robotcuuhoa\EWARM\robotcuuhoa\Obj\usart.o
#        --redirect _Printf=_PrintfFull --redirect _Scanf=_ScanfFull
#        --no_out_extension -o
#        D:\STM32\thuchanhHK2\robotcuuhoa\EWARM\robotcuuhoa\Exe\robotcuuhoa.out
#        --map
#        D:\STM32\thuchanhHK2\robotcuuhoa\EWARM\robotcuuhoa\List\robotcuuhoa.map
#        --config D:\STM32\thuchanhHK2\robotcuuhoa\EWARM/stm32f103xb_flash.icf
#        --semihosting --entry __iar_program_start --vfe --text_out locale)
#
###############################################################################

*******************************************************************************
*** RUNTIME MODEL ATTRIBUTES
***

CppFlavor       = *
__SystemLibrary = DLib
__dlib_version  = 6


*******************************************************************************
*** HEAP SELECTION
***

The basic heap was selected because no calls to memory allocation
functions were found in the application outside of system library
functions, and there are calls to deallocation functions in the
application.


*******************************************************************************
*** PLACEMENT SUMMARY
***

"A0":  place at address 0x800'0000 { ro section .intvec };
"P1":  place in [from 0x800'0000 to 0x801'ffff] { ro };
define block CSTACK with size = 1K, alignment = 8 { };
define block HEAP with size = 512, alignment = 8 { };
"P2":  place in [from 0x2000'0000 to 0x2000'4fff] {
          rw, block CSTACK, block HEAP };
initialize by copy { rw };

  Section            Kind         Address    Size  Object
  -------            ----         -------    ----  ------
"A0":                                        0xec
  .intvec            ro code   0x800'0000    0xec  startup_stm32f103xb.o [1]
                             - 0x800'00ec    0xec

"P1":                                      0x6fda
  .text              ro code   0x800'00ec  0x123c  stm32f1xx_hal_i2c.o [1]
  .text              ro code   0x800'1328   0x1fc  stm32f1xx_hal_msp.o [1]
  .text              ro code   0x800'1524   0x4be  stm32f1xx_hal_rcc.o [1]
  .text              ro code   0x800'19e2    0x3a  zero_init3.o [4]
  .text              ro code   0x800'1a1c     0xc  stm32f1xx_hal.o [1]
  .text              ro code   0x800'1a28     0x2  stm32f1xx_hal_i2c.o [1]
  .text              ro code   0x800'1a2a     0x2  stm32f1xx_hal_i2c.o [1]
  .text              ro code   0x800'1a2c     0x2  stm32f1xx_hal_i2c.o [1]
  .text              ro code   0x800'1a2e     0x2  stm32f1xx_hal_i2c.o [1]
  .text              ro code   0x800'1a30     0x2  stm32f1xx_hal_i2c.o [1]
  .text              ro code   0x800'1a32     0x2  stm32f1xx_hal_i2c.o [1]
  .text              ro code   0x800'1a34   0x10e  stm32f1xx_hal_dma.o [1]
  .text              ro code   0x800'1b42     0x2  stm32f1xx_hal_i2c.o [1]
  .text              ro code   0x800'1b44     0x2  stm32f1xx_hal_i2c.o [1]
  .text              ro code   0x800'1b46     0x2  stm32f1xx_hal_i2c.o [1]
  .text              ro code   0x800'1b48     0x2  stm32f1xx_hal_i2c.o [1]
  .text              ro code   0x800'1b4a    0x14  memset.o [4]
  .text              ro code   0x800'1b5e    0x1e  xencoding_8859_1.o [2]
  .text              ro code   0x800'1b7c   0x1c8  stm32f1xx_hal_gpio.o [1]
  .text              ro code   0x800'1d44    0xc4  stm32f1xx_hal_cortex.o [1]
  .text              ro code   0x800'1e08    0x40  stm32f1xx_hal.o [1]
  .text              ro code   0x800'1e48    0x66  ABImemset.o [4]
  .text              ro code   0x800'1eae     0xa  xsprout.o [2]
  .text              ro code   0x800'1eb8  0x10c6  xprintffull.o [2]
  .rodata            const     0x800'2f7e     0x2  xlocale_c.o [2]
  .text              ro code   0x800'2f80    0x7c  xlocale_c.o [2]
  .text              ro code   0x800'2ffc    0x16  strchr.o [4]
  .rodata            const     0x800'3012     0x2  xlocale_c.o [2]
  .text              ro code   0x800'3014    0x40  xfail_s.o [2]
  .text              ro code   0x800'3054    0x14  strlen_small.o [4]
  .text              ro code   0x800'3068    0x58  memchr.o [4]
  .text              ro code   0x800'30c0    0x18  ABImemcpy_small.o [4]
  .text              ro code   0x800'30d8    0x70  frexp.o [3]
  .text              ro code   0x800'3148    0x2e  DblCmpLe.o [3]
  .rodata            const     0x800'3176     0x1  xlocale_c.o [2]
  .text              ro code   0x800'3178    0x2e  DblCmpGe.o [3]
  .text              ro code   0x800'31a8   0x13a  ldexp.o [3]
  .text              ro code   0x800'32e4    0x3a  DblToS32.o [3]
  .text              ro code   0x800'3320    0x22  S32ToDbl.o [3]
  .text              ro code   0x800'3344    0xe2  DblSub.o [3]
  .text              ro code   0x800'3428   0x246  DblDiv.o [3]
  .text              ro code   0x800'3670    0x28  DblToU32.o [3]
  .text              ro code   0x800'3698    0x1a  U32ToDbl.o [3]
  .text              ro code   0x800'36b4   0x1a2  DblMul.o [3]
  .text              ro code   0x800'3856     0xa  xmbcurmax.o [2]
  .text              ro code   0x800'3860   0x230  I64DivMod.o [4]
  .text              ro code   0x800'3a90     0x6  abort.o [2]
  .text              ro code   0x800'3a98   0x16a  DblAdd.o [3]
  .text              ro code   0x800'3c04     0x2  I64DivZer.o [4]
  .text              ro code   0x800'3c08    0x14  exit.o [5]
  .rodata            const     0x800'3c1c   0xd5c  fonts.o [1]
  .rodata            const     0x800'4978   0x76c  fonts.o [1]
  .text              ro code   0x800'50e4   0x67e  stm32f1xx_hal_tim.o [1]
  .text              ro code   0x800'5762     0x2  stm32f1xx_hal_tim.o [1]
  .text              ro code   0x800'5764     0x2  stm32f1xx_hal_tim.o [1]
  .text              ro code   0x800'5766     0x2  stm32f1xx_hal_tim.o [1]
  .text              ro code   0x800'5768   0x538  main.o [1]
  .text              ro code   0x800'5ca0     0x2  stm32f1xx_hal_tim_ex.o [1]
  .text              ro code   0x800'5ca2     0x2  stm32f1xx_hal_tim.o [1]
  .text              ro code   0x800'5ca4     0x2  stm32f1xx_hal_tim_ex.o [1]
  .text              ro code   0x800'5ca6     0x2  stm32f1xx_hal_tim.o [1]
  .text              ro code   0x800'5ca8   0x3b4  ssd1306.o [1]
  .text              ro code   0x800'605c    0x94  dc_send.o [1]
  .text              ro code   0x800'60f0    0x24  stm32f1xx_hal.o [1]
  .text              ro code   0x800'6114    0x5a  clock.o [1]
  .text              ro code   0x800'6170    0xca  gpio.o [1]
  .text              ro code   0x800'623c    0x30  i2c.o [1]
  .text              ro code   0x800'626c   0x1ac  tim.o [1]
  .text              ro code   0x800'6418    0x38  usart.o [1]
  .text              ro code   0x800'6450    0x28  stm32f1xx_hal.o [1]
  .text              ro code   0x800'6478    0x40  sprintf.o [2]
  .text              ro code   0x800'64b8   0x168  stm32f1xx_hal_flash.o [1]
  .text              ro code   0x800'6620    0xd4  stm32f1xx_hal_flash_ex.o [1]
  .text              ro code   0x800'66f4    0x3a  ABImemset48.o [4]
  .text              ro code   0x800'6730   0x63c  stm32f1xx_hal_uart.o [1]
  .text              ro code   0x800'6d6c    0xb8  stm32f1xx_hal_tim_ex.o [1]
  .text              ro code   0x800'6e24    0x1e  U64Shr.o [4]
  .text              ro code   0x800'6e42     0x2  stm32f1xx_hal_uart.o [1]
  .text              ro code   0x800'6e44     0x2  stm32f1xx_hal_uart.o [1]
  .text              ro code   0x800'6e46     0x2  stm32f1xx_hal_uart.o [1]
  .text              ro code   0x800'6e48     0x2  stm32f1xx_hal_uart.o [1]
  .text              ro code   0x800'6e4a    0x78  lz77_init_single.o [4]
  .text              ro code   0x800'6ec4    0x4c  stm32f1xx_it.o [1]
  .text              ro code   0x800'6f10    0x10  stm32f1xx_hal.o [1]
  .text              ro code   0x800'6f20    0x28  data_init.o [4]
  .iar.init_table    const     0x800'6f48    0x20  - Linker created -
  .text              ro code   0x800'6f68    0x1e  cmain.o [4]
  .text              ro code   0x800'6f86     0x4  low_level_init.o [2]
  .text              ro code   0x800'6f8a     0x4  exit.o [2]
  .text              ro code   0x800'6f90     0xa  cexit.o [4]
  .text              ro code   0x800'6f9c    0x14  system_stm32f1xx.o [1]
  .text              ro code   0x800'6fb0    0x10  startup_stm32f103xb.o [1]
  .text              ro code   0x800'6fc0     0xc  cstartup_M.o [4]
  .rodata            const     0x800'6fcc     0x8  system_stm32f1xx.o [1]
  .text              ro code   0x800'6fd4     0x4  startup_stm32f103xb.o [1]
  .text              ro code   0x800'6fd8     0x4  startup_stm32f103xb.o [1]
  .text              ro code   0x800'6fdc     0x4  startup_stm32f103xb.o [1]
  .text              ro code   0x800'6fe0     0x4  startup_stm32f103xb.o [1]
  .text              ro code   0x800'6fe4     0x4  startup_stm32f103xb.o [1]
  .text              ro code   0x800'6fe8     0x4  startup_stm32f103xb.o [1]
  .text              ro code   0x800'6fec     0x4  startup_stm32f103xb.o [1]
  .text              ro code   0x800'6ff0     0x4  startup_stm32f103xb.o [1]
  .text              ro code   0x800'6ff4     0x4  startup_stm32f103xb.o [1]
  .text              ro code   0x800'6ff8     0x4  startup_stm32f103xb.o [1]
  .text              ro code   0x800'6ffc     0x4  startup_stm32f103xb.o [1]
  .text              ro code   0x800'7000     0x4  startup_stm32f103xb.o [1]
  .text              ro code   0x800'7004     0x4  startup_stm32f103xb.o [1]
  .text              ro code   0x800'7008     0x4  startup_stm32f103xb.o [1]
  .text              ro code   0x800'700c     0x4  startup_stm32f103xb.o [1]
  .text              ro code   0x800'7010     0x4  startup_stm32f103xb.o [1]
  .text              ro code   0x800'7014     0x4  startup_stm32f103xb.o [1]
  .text              ro code   0x800'7018     0x4  startup_stm32f103xb.o [1]
  .text              ro code   0x800'701c     0x4  startup_stm32f103xb.o [1]
  .text              ro code   0x800'7020     0x4  startup_stm32f103xb.o [1]
  .text              ro code   0x800'7024     0x4  startup_stm32f103xb.o [1]
  .text              ro code   0x800'7028     0x4  startup_stm32f103xb.o [1]
  .text              ro code   0x800'702c     0x4  startup_stm32f103xb.o [1]
  .text              ro code   0x800'7030     0x4  startup_stm32f103xb.o [1]
  .text              ro code   0x800'7034     0x4  startup_stm32f103xb.o [1]
  .text              ro code   0x800'7038     0x4  startup_stm32f103xb.o [1]
  .text              ro code   0x800'703c     0x4  startup_stm32f103xb.o [1]
  .text              ro code   0x800'7040     0x4  startup_stm32f103xb.o [1]
  .text              ro code   0x800'7044     0x4  startup_stm32f103xb.o [1]
  .text              ro code   0x800'7048     0x4  startup_stm32f103xb.o [1]
  .text              ro code   0x800'704c     0x4  startup_stm32f103xb.o [1]
  .text              ro code   0x800'7050     0x4  startup_stm32f103xb.o [1]
  .text              ro code   0x800'7054     0x4  startup_stm32f103xb.o [1]
  .text              ro code   0x800'7058     0x4  startup_stm32f103xb.o [1]
  .text              ro code   0x800'705c     0x4  startup_stm32f103xb.o [1]
  .text              ro code   0x800'7060     0x4  startup_stm32f103xb.o [1]
  .text              ro code   0x800'7064     0x4  startup_stm32f103xb.o [1]
  .rodata            const     0x800'7068     0x0  zero_init3.o [4]
  .rodata            const     0x800'7068     0x0  lz77_init_single.o [4]
  Initializer bytes  const     0x800'7068    0x5e  <for P2-1>
                             - 0x800'70c6  0x6fda

"P2", part 1 of 3:                          0x148
  P2-1                        0x2000'0000   0x148  <Init block>
    .data            inited   0x2000'0000     0x8  fonts.o [1]
    .data            inited   0x2000'0008     0x8  fonts.o [1]
    .data            inited   0x2000'0010    0xa8  main.o [1]
    .data            inited   0x2000'00b8     0xc  stm32f1xx_hal.o [1]
    .data            inited   0x2000'00c4     0x4  system_stm32f1xx.o [1]
    .data            inited   0x2000'00c8    0x38  xlocale_c.o [2]
    .data            inited   0x2000'0100    0x48  xlocale_c.o [2]
                            - 0x2000'0148   0x148

"P2", part 2 of 3:                          0x640
  .bss               zero     0x2000'0148   0x410  ssd1306.o [1]
  .bss               zero     0x2000'0558    0x54  i2c.o [1]
  .bss               zero     0x2000'05ac    0x48  tim.o [1]
  .bss               zero     0x2000'05f4    0x48  tim.o [1]
  .bss               zero     0x2000'063c    0x48  tim.o [1]
  .bss               zero     0x2000'0684    0x48  tim.o [1]
  .bss               zero     0x2000'06cc    0x48  usart.o [1]
  .bss               zero     0x2000'0714    0x48  usart.o [1]
  .bss               zero     0x2000'075c     0x4  xfail_s.o [2]
  .bss               zero     0x2000'0760    0x20  stm32f1xx_hal_flash.o [1]
  .bss               zero     0x2000'0780     0x8  ssd1306.o [1]
                            - 0x2000'0788   0x640

"P2", part 3 of 3:                          0x400
  CSTACK                      0x2000'0788   0x400  <Block>
    CSTACK           uninit   0x2000'0788   0x400  <Block tail>
                            - 0x2000'0b88   0x400

Unused ranges:

         From           To      Size
         ----           --      ----
   0x800'70c6   0x801'ffff  0x1'8f3a
  0x2000'0b88  0x2000'4fff    0x4478


*******************************************************************************
*** INIT TABLE
***

          Address      Size
          -------      ----
Zero (__iar_zero_init3)
    1 destination range, total size 0x640:
          0x2000'0148  0x640

Copy/lz77 (__iar_lz77_init_single3)
    1 source range, total size 0x5e (28% of destination):
           0x800'7068   0x5e
    1 destination range, total size 0x148:
          0x2000'0000  0x148



*******************************************************************************
*** MODULE SUMMARY
***

    Module                    ro code  ro data  rw data
    ------                    -------  -------  -------
command line/config:
    ---------------------------------------------------
    Total:

D:\STM32\thuchanhHK2\robotcuuhoa\EWARM\robotcuuhoa\Obj: [1]
    clock.o                        90
    dc_send.o                     148
    fonts.o                              5'324       16
    gpio.o                        202
    i2c.o                          48                84
    main.o                      1'336       48      168
    ssd1306.o                     948             1'048
    startup_stm32f103xb.o         400
    stm32f1xx_hal.o               168        4       12
    stm32f1xx_hal_cortex.o        196
    stm32f1xx_hal_dma.o           270
    stm32f1xx_hal_flash.o         360                32
    stm32f1xx_hal_flash_ex.o      212
    stm32f1xx_hal_gpio.o          456
    stm32f1xx_hal_i2c.o         4'688
    stm32f1xx_hal_msp.o           508
    stm32f1xx_hal_rcc.o         1'214
    stm32f1xx_hal_tim.o         1'672
    stm32f1xx_hal_tim_ex.o        188
    stm32f1xx_hal_uart.o        1'604
    stm32f1xx_it.o                 76
    system_stm32f1xx.o             20        9        4
    tim.o                         428               288
    usart.o                        56               144
    ---------------------------------------------------
    Total:                     15'288    5'385    1'796

dl7M_tlf.a: [2]
    abort.o                         6
    exit.o                          4
    low_level_init.o                4
    sprintf.o                      64
    xencoding_8859_1.o             30
    xfail_s.o                      64                 4
    xlocale_c.o                   124       41      128
    xmbcurmax.o                    10
    xprintffull.o               4'294
    xsprout.o                      10
    ---------------------------------------------------
    Total:                      4'610       41      132

m7M_tl.a: [3]
    DblAdd.o                      362
    DblCmpGe.o                     46
    DblCmpLe.o                     46
    DblDiv.o                      582
    DblMul.o                      418
    DblSub.o                      226
    DblToS32.o                     58
    DblToU32.o                     40
    S32ToDbl.o                     34
    U32ToDbl.o                     26
    frexp.o                       112
    ldexp.o                       314
    ---------------------------------------------------
    Total:                      2'264

rt7M_tl.a: [4]
    ABImemcpy_small.o              24
    ABImemset.o                   102
    ABImemset48.o                  58
    I64DivMod.o                   560
    I64DivZer.o                     2
    U64Shr.o                       30
    cexit.o                        10
    cmain.o                        30
    cstartup_M.o                   12
    data_init.o                    40
    lz77_init_single.o            120
    memchr.o                       88
    memset.o                       20
    strchr.o                       22
    strlen_small.o                 20
    zero_init3.o                   58
    ---------------------------------------------------
    Total:                      1'196

shb_l.a: [5]
    exit.o                         20
    ---------------------------------------------------
    Total:                         20

    Gaps                           33
    Linker created                          33    1'024
-------------------------------------------------------
    Grand Total:               23'411    5'459    2'952


*******************************************************************************
*** ENTRY LIST
***

Entry                       Address   Size  Type      Object
-----                       -------   ----  ----      ------
.iar.init_table$$Base    0x800'6f48          --   Gb  - Linker created -
.iar.init_table$$Limit   0x800'6f68          --   Gb  - Linker created -
?main                    0x800'6f69         Code  Gb  cmain.o [4]
AHBPrescTable            0x800'6fa0   0x10  Data  Gb  system_stm32f1xx.o [1]
APBPrescTable            0x800'6fcc    0x8  Data  Gb  system_stm32f1xx.o [1]
BusFault_Handler         0x800'6ecb    0x2  Code  Gb  stm32f1xx_it.o [1]
CSTACK$$Base            0x2000'0788          --   Gb  - Linker created -
CSTACK$$Limit           0x2000'0b88          --   Gb  - Linker created -
CacheMore                0x800'2f85   0x28  Code  Lc  xlocale_c.o [2]
DC_Servo_Driver_UART_MSD_Moving_Set
                         0x800'6081   0x24  Code  Gb  dc_send.o [1]
DC_Servo_Driver_UART_MSD_Moving_Start
                         0x800'60ad    0x6  Code  Gb  dc_send.o [1]
DC_Servo_Driver_UART_MSD_Moving_Stop
                         0x800'60a5    0x8  Code  Gb  dc_send.o [1]
DC_Servo_Driver_UART_MSD_Restart_Driver
                         0x800'6071   0x10  Code  Gb  dc_send.o [1]
DC_Servo_Driver_UART_MSD_Send_Command
                         0x800'605d    0xe  Code  Lc  dc_send.o [1]
DebugMon_Handler         0x800'6ed1    0x2  Code  Gb  stm32f1xx_it.o [1]
FLASH_MassErase          0x800'66b5   0x1a  Code  Lc  stm32f1xx_hal_flash_ex.o [1]
FLASH_PageErase          0x800'66cf   0x1c  Code  Gb  stm32f1xx_hal_flash_ex.o [1]
FLASH_Program_HalfWord   0x800'655f   0x16  Code  Lc  stm32f1xx_hal_flash.o [1]
FLASH_SetErrorCode       0x800'65c5   0x44  Code  Lc  stm32f1xx_hal_flash.o [1]
FLASH_WaitForLastOperation
                         0x800'6575   0x50  Code  Gb  stm32f1xx_hal_flash.o [1]
Flash_Delete             0x800'5b7f   0x22  Code  Gb  main.o [1]
Flash_Write              0x800'5ba1   0x1e  Code  Gb  main.o [1]
Font11x18                0x800'3c1c  0xd5c  Data  Gb  fonts.o [1]
Font7x10                 0x800'4978  0x76c  Data  Gb  fonts.o [1]
Font_11x18              0x2000'0008    0x8  Data  Gb  fonts.o [1]
Font_7x10               0x2000'0000    0x8  Data  Gb  fonts.o [1]
HAL_DMA_Abort            0x800'1a35   0x4a  Code  Gb  stm32f1xx_hal_dma.o [1]
HAL_DMA_Abort_IT         0x800'1a7f   0x94  Code  Gb  stm32f1xx_hal_dma.o [1]
HAL_DMA_GetState         0x800'1b3d    0x6  Code  Gb  stm32f1xx_hal_dma.o [1]
HAL_Delay                0x800'6451   0x28  Code  Wk  stm32f1xx_hal.o [1]
HAL_FLASHEx_Erase        0x800'6621   0x94  Code  Gb  stm32f1xx_hal_flash_ex.o [1]
HAL_FLASH_Lock           0x800'654f    0xa  Code  Gb  stm32f1xx_hal_flash.o [1]
HAL_FLASH_Program        0x800'64b9   0x76  Code  Gb  stm32f1xx_hal_flash.o [1]
HAL_FLASH_Unlock         0x800'652f   0x20  Code  Gb  stm32f1xx_hal_flash.o [1]
HAL_GPIO_Init            0x800'1b7d  0x180  Code  Gb  stm32f1xx_hal_gpio.o [1]
HAL_GPIO_ReadPin         0x800'1cfd    0xc  Code  Gb  stm32f1xx_hal_gpio.o [1]
HAL_GPIO_WritePin        0x800'1d09    0x8  Code  Gb  stm32f1xx_hal_gpio.o [1]
HAL_GetTick              0x800'1a1d    0xc  Code  Wk  stm32f1xx_hal.o [1]
HAL_I2C_ER_IRQHandler    0x800'0d29  0x12c  Code  Gb  stm32f1xx_hal_i2c.o [1]
HAL_I2C_EV_IRQHandler    0x800'0593  0x6b2  Code  Gb  stm32f1xx_hal_i2c.o [1]
HAL_I2C_Init             0x800'00ed  0x12c  Code  Gb  stm32f1xx_hal_i2c.o [1]
HAL_I2C_IsDeviceReady    0x800'045d  0x110  Code  Gb  stm32f1xx_hal_i2c.o [1]
HAL_I2C_Master_Transmit
                         0x800'0233  0x120  Code  Gb  stm32f1xx_hal_i2c.o [1]
HAL_I2C_MspInit          0x800'1363   0x86  Code  Gb  stm32f1xx_hal_msp.o [1]
HAL_IncTick              0x800'6f11   0x10  Code  Wk  stm32f1xx_hal.o [1]
HAL_Init                 0x800'60f1   0x20  Code  Gb  stm32f1xx_hal.o [1]
HAL_InitTick             0x800'1e09   0x40  Code  Wk  stm32f1xx_hal.o [1]
HAL_MspInit              0x800'1329   0x3a  Code  Gb  stm32f1xx_hal_msp.o [1]
HAL_NVIC_EnableIRQ       0x800'1db3   0x16  Code  Gb  stm32f1xx_hal_cortex.o [1]
HAL_NVIC_SetPriority     0x800'1d79   0x3a  Code  Gb  stm32f1xx_hal_cortex.o [1]
HAL_NVIC_SetPriorityGrouping
                         0x800'1d5f   0x1a  Code  Gb  stm32f1xx_hal_cortex.o [1]
HAL_RCC_ClockConfig      0x800'1839   0xf4  Code  Gb  stm32f1xx_hal_rcc.o [1]
HAL_RCC_GetPCLK1Freq     0x800'197b   0x10  Code  Gb  stm32f1xx_hal_rcc.o [1]
HAL_RCC_GetPCLK2Freq     0x800'198b    0xe  Code  Gb  stm32f1xx_hal_rcc.o [1]
HAL_RCC_GetSysClockFreq
                         0x800'1941   0x3a  Code  Gb  stm32f1xx_hal_rcc.o [1]
HAL_RCC_GetSysClockFreq::aPLLMULFactorTable
                         0x800'19d0   0x10  Data  Lc  stm32f1xx_hal_rcc.o [1]
HAL_RCC_GetSysClockFreq::aPredivFactorTable
                         0x800'19e0    0x2  Data  Lc  stm32f1xx_hal_rcc.o [1]
HAL_RCC_OscConfig        0x800'1525  0x30c  Code  Gb  stm32f1xx_hal_rcc.o [1]
HAL_SYSTICK_Config       0x800'1dc9   0x28  Code  Gb  stm32f1xx_hal_cortex.o [1]
HAL_TIMEx_BreakCallback
                         0x800'5ca1    0x2  Code  Wk  stm32f1xx_hal_tim_ex.o [1]
HAL_TIMEx_CommutCallback
                         0x800'5ca5    0x2  Code  Wk  stm32f1xx_hal_tim_ex.o [1]
HAL_TIMEx_ConfigBreakDeadTime
                         0x800'6dd1   0x54  Code  Gb  stm32f1xx_hal_tim_ex.o [1]
HAL_TIMEx_MasterConfigSynchronization
                         0x800'6d6d   0x56  Code  Gb  stm32f1xx_hal_tim_ex.o [1]
HAL_TIM_Base_Init        0x800'50e5   0x1a  Code  Gb  stm32f1xx_hal_tim.o [1]
HAL_TIM_Base_MspInit     0x800'13e9   0x9a  Code  Gb  stm32f1xx_hal_msp.o [1]
HAL_TIM_Base_Start_IT    0x800'50ff   0x5c  Code  Gb  stm32f1xx_hal_tim.o [1]
HAL_TIM_ConfigClockSource
                         0x800'547f   0xaa  Code  Gb  stm32f1xx_hal_tim.o [1]
HAL_TIM_IRQHandler       0x800'5269  0x142  Code  Gb  stm32f1xx_hal_tim.o [1]
HAL_TIM_MspPostInit      0x800'63b1   0x44  Code  Gb  tim.o [1]
HAL_TIM_PWM_ConfigChannel
                         0x800'53bb   0xb6  Code  Gb  stm32f1xx_hal_tim.o [1]
HAL_TIM_PWM_Init         0x800'5181   0x1a  Code  Gb  stm32f1xx_hal_tim.o [1]
HAL_TIM_PWM_Start        0x800'519b   0x7e  Code  Gb  stm32f1xx_hal_tim.o [1]
HAL_TIM_PeriodElapsedCallback
                         0x800'5769  0x23e  Code  Gb  main.o [1]
HAL_UART_IRQHandler      0x800'6873  0x276  Code  Gb  stm32f1xx_hal_uart.o [1]
HAL_UART_Init            0x800'6731   0x1e  Code  Gb  stm32f1xx_hal_uart.o [1]
HAL_UART_MspInit         0x800'1483   0x7e  Code  Gb  stm32f1xx_hal_msp.o [1]
HAL_UART_Transmit        0x800'67ab   0x9a  Code  Gb  stm32f1xx_hal_uart.o [1]
HardFault_Handler        0x800'6ec7    0x2  Code  Gb  stm32f1xx_it.o [1]
I2C1_ER_IRQHandler       0x800'6ef1    0x6  Code  Gb  stm32f1xx_it.o [1]
I2C1_EV_IRQHandler       0x800'6eeb    0x6  Code  Gb  stm32f1xx_it.o [1]
I2C_DMAAbort             0x800'1061   0xcc  Code  Lc  stm32f1xx_hal_i2c.o [1]
I2C_Flush_DR             0x800'0225    0xe  Code  Lc  stm32f1xx_hal_i2c.o [1]
I2C_ITError              0x800'0f09   0xf0  Code  Lc  stm32f1xx_hal_i2c.o [1]
I2C_IsAcknowledgeFailed
                         0x800'12fd   0x2c  Code  Lc  stm32f1xx_hal_i2c.o [1]
I2C_MemoryTransmit_TXE_BTF
                         0x800'0e55   0xb4  Code  Lc  stm32f1xx_hal_i2c.o [1]
I2C_WaitOnBTFFlagUntilTimeout
                         0x800'12a3   0x40  Code  Lc  stm32f1xx_hal_i2c.o [1]
I2C_WaitOnFlagUntilTimeout
                         0x800'1131   0x68  Code  Lc  stm32f1xx_hal_i2c.o [1]
I2C_WaitOnMasterAddressFlagUntilTimeout
                         0x800'1199   0x96  Code  Lc  stm32f1xx_hal_i2c.o [1]
I2C_WaitOnTXEFlagUntilTimeout
                         0x800'1263   0x40  Code  Lc  stm32f1xx_hal_i2c.o [1]
MX_GPIO_Init             0x800'6171   0xae  Code  Gb  gpio.o [1]
MX_I2C1_Init             0x800'623d   0x30  Code  Gb  i2c.o [1]
MX_TIM1_Init             0x800'626d   0xa4  Code  Gb  tim.o [1]
MX_TIM2_Init             0x800'6311   0x14  Code  Gb  tim.o [1]
MX_TIM3_Init             0x800'6325   0x10  Code  Gb  tim.o [1]
MX_TIM4_Init             0x800'6385   0x20  Code  Gb  tim.o [1]
MX_USART1_UART_Init      0x800'6419    0x6  Code  Gb  usart.o [1]
MX_USART2_UART_Init      0x800'641f    0x4  Code  Gb  usart.o [1]
MemManage_Handler        0x800'6ec9    0x2  Code  Gb  stm32f1xx_it.o [1]
NMI_Handler              0x800'6ec5    0x2  Code  Gb  stm32f1xx_it.o [1]
PendSV_Handler           0x800'6ed3    0x2  Code  Gb  stm32f1xx_it.o [1]
Region$$Table$$Base      0x800'6f48          --   Gb  - Linker created -
Region$$Table$$Limit     0x800'6f68          --   Gb  - Linker created -
SSD1306                 0x2000'0780    0x8  Data  Lc  ssd1306.o [1]
SSD1306_Buffer          0x2000'0148  0x410  Data  Lc  ssd1306.o [1]
SSD1306_Clear            0x800'5ff1    0xe  Code  Gb  ssd1306.o [1]
SSD1306_DrawLine         0x800'5ee1  0x100  Code  Gb  ssd1306.o [1]
SSD1306_DrawPixel        0x800'5dd9   0x3c  Code  Gb  ssd1306.o [1]
SSD1306_Fill             0x800'5dc5   0x14  Code  Gb  ssd1306.o [1]
SSD1306_GotoXY           0x800'5e2b    0xa  Code  Gb  ssd1306.o [1]
SSD1306_Init             0x800'5ca9   0xe0  Code  Gb  ssd1306.o [1]
SSD1306_Putc             0x800'5e35   0x8a  Code  Gb  ssd1306.o [1]
SSD1306_Puts             0x800'5ebf   0x22  Code  Gb  ssd1306.o [1]
SSD1306_UpdateScreen     0x800'5d91   0x34  Code  Gb  ssd1306.o [1]
SVC_Handler              0x800'6ecf    0x2  Code  Gb  stm32f1xx_it.o [1]
SysTick_Handler          0x800'6ed5    0x4  Code  Gb  stm32f1xx_it.o [1]
SystemClock_Config       0x800'6115   0x5a  Code  Gb  clock.o [1]
SystemCoreClock         0x2000'00c4    0x4  Data  Gb  system_stm32f1xx.o [1]
SystemInit               0x800'6f9d    0x2  Code  Gb  system_stm32f1xx.o [1]
TIM2_IRQHandler          0x800'6ed9    0x6  Code  Gb  stm32f1xx_it.o [1]
TIM3_IRQHandler          0x800'6edf    0x6  Code  Gb  stm32f1xx_it.o [1]
TIM4_IRQHandler          0x800'6ee5    0x6  Code  Gb  stm32f1xx_it.o [1]
TIM_Base_SetConfig       0x800'5543   0x5e  Code  Gb  stm32f1xx_hal_tim.o [1]
TIM_CCxChannelCmd        0x800'5747   0x16  Code  Gb  stm32f1xx_hal_tim.o [1]
TIM_ETR_SetConfig        0x800'5733   0x14  Code  Gb  stm32f1xx_hal_tim.o [1]
TIM_ITRx_SetConfig       0x800'5723   0x10  Code  Lc  stm32f1xx_hal_tim.o [1]
TIM_OC1_SetConfig        0x800'55a1   0x4a  Code  Lc  stm32f1xx_hal_tim.o [1]
TIM_OC2_SetConfig        0x800'55eb   0x52  Code  Gb  stm32f1xx_hal_tim.o [1]
TIM_OC3_SetConfig        0x800'563d   0x50  Code  Lc  stm32f1xx_hal_tim.o [1]
TIM_OC4_SetConfig        0x800'568d   0x40  Code  Lc  stm32f1xx_hal_tim.o [1]
TIM_TI1_ConfigInputStage
                         0x800'56e1   0x1e  Code  Lc  stm32f1xx_hal_tim.o [1]
TIM_TI2_ConfigInputStage
                         0x800'56ff   0x24  Code  Lc  stm32f1xx_hal_tim.o [1]
UART_DMAAbortOnError     0x800'6c19    0xc  Code  Lc  stm32f1xx_hal_uart.o [1]
UART_EndRxTransfer       0x800'6be1   0x36  Code  Lc  stm32f1xx_hal_uart.o [1]
UART_Receive_IT          0x800'6c25   0xae  Code  Lc  stm32f1xx_hal_uart.o [1]
UART_SetConfig           0x800'6cef   0x74  Code  Lc  stm32f1xx_hal_uart.o [1]
UART_WaitOnFlagUntilTimeout
                         0x800'6b31   0x5c  Code  Lc  stm32f1xx_hal_uart.o [1]
USART1_IRQHandler        0x800'6ef7    0x6  Code  Gb  stm32f1xx_it.o [1]
UsageFault_Handler       0x800'6ecd    0x2  Code  Gb  stm32f1xx_it.o [1]
_Encoding_8859_1_Mbrlen
                         0x800'1b71    0x2  Code  Gb  xencoding_8859_1.o [2]
_Encoding_8859_1_Wctomb
                         0x800'1b5f   0x12  Code  Gb  xencoding_8859_1.o [2]
_LitobFull               0x800'2dcb  0x10a  Code  Lc  xprintffull.o [2]
_Locale_lconv           0x2000'00c8   0x38  Data  Lc  xlocale_c.o [2]
_PrintfFull              0x800'1eb9  0xcc4  Code  Gb  xprintffull.o [2]
_PutcharsFull            0x800'2f3d   0x2e  Code  Lc  xprintffull.o [2]
_PutstrFull              0x800'2d0b   0xc0  Code  Lc  xprintffull.o [2]
_PuttxtFull              0x800'2bff  0x10c  Code  Lc  xprintffull.o [2]
_SProut                  0x800'1eaf    0xa  Code  Gb  xsprout.o [2]
__NVIC_SetPriority       0x800'1d45   0x1a  Code  Lc  stm32f1xx_hal_cortex.o [1]
__aeabi_cdcmple          0x800'3149         Code  Gb  DblCmpLe.o [3]
__aeabi_cdrcmple         0x800'3179         Code  Gb  DblCmpGe.o [3]
__aeabi_d2iz             0x800'32e5         Code  Gb  DblToS32.o [3]
__aeabi_d2uiz            0x800'3671         Code  Gb  DblToU32.o [3]
__aeabi_ddiv             0x800'3429         Code  Gb  DblDiv.o [3]
__aeabi_dmul             0x800'36b5         Code  Gb  DblMul.o [3]
__aeabi_dsub             0x800'3345         Code  Gb  DblSub.o [3]
__aeabi_i2d              0x800'3321         Code  Gb  S32ToDbl.o [3]
__aeabi_ldiv0            0x800'3c05         Code  Gb  I64DivZer.o [4]
__aeabi_llsr             0x800'6e25         Code  Gb  U64Shr.o [4]
__aeabi_memset           0x800'1e49         Code  Gb  ABImemset.o [4]
__aeabi_memset4          0x800'66f5         Code  Gb  ABImemset48.o [4]
__aeabi_memset8          0x800'66f5         Code  Gb  ABImemset48.o [4]
__aeabi_ui2d             0x800'3699         Code  Gb  U32ToDbl.o [3]
__aeabi_uldivmod         0x800'3861         Code  Gb  I64DivMod.o [4]
__cmain                  0x800'6f69         Code  Gb  cmain.o [4]
__exit                   0x800'3c09   0x14  Code  Gb  exit.o [5]
__iar_Fail_s             0x800'3015   0x1c  Code  Gb  xfail_s.o [2]
__iar_Mbcurmax           0x800'3857    0xa  Code  Gb  xmbcurmax.o [2]
__iar_Memchr             0x800'3069         Code  Gb  memchr.o [4]
__iar_Memset             0x800'1e49         Code  Gb  ABImemset.o [4]
__iar_Memset4_word       0x800'66fd         Code  Gb  ABImemset48.o [4]
__iar_Memset8_word       0x800'66fd         Code  Gb  ABImemset48.o [4]
__iar_Memset_word        0x800'1e51         Code  Gb  ABImemset.o [4]
__iar_Strchr             0x800'2ffd         Code  Gb  strchr.o [4]
__iar_dadd               0x800'3355         Code  Gb  DblSub.o [3]
__iar_data_init3         0x800'6f21   0x28  Code  Gb  data_init.o [4]
__iar_dsub               0x800'3a99         Code  Gb  DblAdd.o [3]
__iar_dsubStart          0x800'3aab         Code  Gb  DblAdd.o [3]
__iar_frexp              0x800'30e5         Code  Gb  frexp.o [3]
__iar_frexp64            0x800'30d9         Code  Gb  frexp.o [3]
__iar_frexpl             0x800'30e5         Code  Gb  frexp.o [3]
__iar_globLocale        0x2000'0100   0x48  Data  Lc  xlocale_c.o [2]
__iar_global_Locale      0x800'2f81    0x4  Code  Gb  xlocale_c.o [2]
__iar_ldexp64            0x800'31a9         Code  Gb  ldexp.o [3]
__iar_lz77_init_single3
                         0x800'6e4b   0x78  Code  Gb  lz77_init_single.o [4]
__iar_program_start      0x800'6fc1         Code  Gb  cstartup_M.o [4]
__iar_scalbln64          0x800'31a9         Code  Gb  ldexp.o [3]
__iar_scalbn64           0x800'31a9         Code  Gb  ldexp.o [3]
__iar_small_Memcpy       0x800'30c5         Code  Gb  ABImemcpy_small.o [4]
__iar_small_memcpy       0x800'30c1         Code  Gb  ABImemcpy_small.o [4]
__iar_small_memcpy4      0x800'30c1         Code  Gb  ABImemcpy_small.o [4]
__iar_small_memcpy8      0x800'30c1         Code  Gb  ABImemcpy_small.o [4]
__iar_small_strlen       0x800'3055         Code  Gb  strlen_small.o [4]
__iar_zero_init3         0x800'19e3   0x3a  Code  Gb  zero_init3.o [4]
__low_level_init         0x800'6f87    0x4  Code  Gb  low_level_init.o [2]
__vector_table           0x800'0000         Data  Gb  startup_stm32f103xb.o [1]
_call_main               0x800'6f75         Code  Gb  cmain.o [4]
_exit                    0x800'6f91         Code  Gb  cexit.o [4]
_gLocale_mblen           0x800'2fe9    0x4  Code  Gb  xlocale_c.o [2]
_gLocale_mblenInt        0x800'2fad   0x2c  Code  Gb  xlocale_c.o [2]
_gLocale_wctomb          0x800'2fed    0x4  Code  Gb  xlocale_c.o [2]
_gLocale_wctombInt       0x800'2fe5    0x4  Code  Gb  xlocale_c.o [2]
_main                    0x800'6f83         Code  Gb  cmain.o [4]
abort                    0x800'3a91    0x6  Code  Gb  abort.o [2]
acc                     0x2000'0020    0x4  Data  Gb  main.o [1]
accept_to_deacc         0x2000'0012    0x1  Data  Gb  main.o [1]
buffer_acc              0x2000'0038   0x20  Data  Gb  main.o [1]
buffer_pos              0x2000'0078   0x20  Data  Gb  main.o [1]
buffer_tim              0x2000'0098   0x20  Data  Gb  main.o [1]
buffer_vel              0x2000'0058   0x20  Data  Gb  main.o [1]
color_acc               0x2000'001b    0x1  Data  Gb  main.o [1]
color_pos               0x2000'001d    0x1  Data  Gb  main.o [1]
color_time              0x2000'001e    0x1  Data  Gb  main.o [1]
color_vel               0x2000'001c    0x1  Data  Gb  main.o [1]
count_to_deacc          0x2000'0011    0x1  Data  Gb  main.o [1]
crun                    0x2000'0019    0x1  Data  Gb  main.o [1]
exit                     0x800'6f8b    0x4  Code  Gb  exit.o [2]
frexp                    0x800'30d9         Code  Gb  frexp.o [3]
frexpl                   0x800'30d9         Code  Gb  frexp.o [3]
hi2c1                   0x2000'0558   0x54  Data  Gb  i2c.o [1]
htim1                   0x2000'05ac   0x48  Data  Gb  tim.o [1]
htim2                   0x2000'05f4   0x48  Data  Gb  tim.o [1]
htim3                   0x2000'063c   0x48  Data  Gb  tim.o [1]
htim4                   0x2000'0684   0x48  Data  Gb  tim.o [1]
huart1                  0x2000'06cc   0x48  Data  Gb  usart.o [1]
huart2                  0x2000'0714   0x48  Data  Gb  usart.o [1]
ldexp                    0x800'31a9         Code  Gb  ldexp.o [3]
ldexpl                   0x800'31a9         Code  Gb  ldexp.o [3]
localeconv               0x800'2ff1    0x4  Code  Gb  xlocale_c.o [2]
main                     0x800'59bd  0x174  Code  Gb  main.o [1]
memchr                   0x800'3069         Code  Gb  memchr.o [4]
memset                   0x800'1b4b   0x14  Code  Gb  memset.o [4]
mode                    0x2000'0013    0x1  Data  Gb  main.o [1]
pFlash                  0x2000'0760   0x20  Data  Gb  stm32f1xx_hal_flash.o [1]
pos                     0x2000'0010    0x1  Data  Gb  main.o [1]
robotShootingFightRun    0x800'59b7    0x4  Code  Gb  main.o [1]
run                     0x2000'0018    0x1  Data  Gb  main.o [1]
scalbln                  0x800'31a9         Code  Gb  ldexp.o [3]
scalblnl                 0x800'31a9         Code  Gb  ldexp.o [3]
scalbn                   0x800'31a9         Code  Gb  ldexp.o [3]
scalbnl                  0x800'31a9         Code  Gb  ldexp.o [3]
scale                    0x800'2ed5   0x46  Code  Lc  xprintffull.o [2]
sec_hand                0x2000'075c    0x4  Data  Lc  xfail_s.o [2]
setup                    0x800'5bbf   0x48  Code  Gb  main.o [1]
sprintf                  0x800'6479   0x40  Code  Gb  sprintf.o [2]
ssd1306_I2C_Init         0x800'5fff    0x2  Code  Gb  ssd1306.o [1]
ssd1306_I2C_Write        0x800'602d   0x18  Code  Gb  ssd1306.o [1]
ssd1306_I2C_WriteMulti   0x800'6001   0x2c  Code  Gb  ssd1306.o [1]
state1                  0x2000'0014    0x1  Data  Gb  main.o [1]
state2                  0x2000'0015    0x1  Data  Gb  main.o [1]
state3                  0x2000'0016    0x1  Data  Gb  main.o [1]
state_run               0x2000'0017    0x1  Data  Gb  main.o [1]
state_to_deacc          0x2000'001a    0x1  Data  Gb  main.o [1]
strchr                   0x800'2ffd         Code  Gb  strchr.o [4]
tickmoter               0x2000'0030    0x4  Data  Gb  main.o [1]
ticktim2                0x2000'0028    0x4  Data  Gb  main.o [1]
ticktim3                0x2000'002c    0x4  Data  Gb  main.o [1]
timemoter               0x2000'0034    0x4  Data  Gb  main.o [1]
updateMenu               0x800'5b39   0x46  Code  Gb  main.o [1]
uwTick                  0x2000'00bc    0x4  Data  Gb  stm32f1xx_hal.o [1]
uwTickFreq              0x2000'00b8    0x1  Data  Gb  stm32f1xx_hal.o [1]
uwTickPrio              0x2000'00c0    0x4  Data  Gb  stm32f1xx_hal.o [1]
vel                     0x2000'0024    0x4  Data  Gb  main.o [1]


[1] = D:\STM32\thuchanhHK2\robotcuuhoa\EWARM\robotcuuhoa\Obj
[2] = dl7M_tlf.a
[3] = m7M_tl.a
[4] = rt7M_tl.a
[5] = shb_l.a

  23'411 bytes of readonly  code memory
   5'459 bytes of readonly  data memory
   2'952 bytes of readwrite data memory

Errors: none
Warnings: none
